// Jest Snapshot v1, https://goo.gl/fbAQLP

exports[`Home Should display a list of feeds 1`] = `
<div>
  <nav>
    <p>
      Peerlyst
    </p>
  </nav>
  <section>
    <div
      className="container"
    >
      <div
        className="select-boxes"
      >
        <div>
          <p
            className="subtitle"
          >
            Search by title and description.
          </p>
          <input
            className="input search"
            onChange={[Function]}
            onKeyUp={[Function]}
            placeholder="Search ..."
            type="text"
            value=""
          />
        </div>
        <div>
          <p
            className="subtitle"
          >
            Sort by title and date.
          </p>
          <select
            onChange={[Function]}
            value="title"
          >
            <option
              value="title"
            >
              Title
            </option>
            <option
              value="date"
            >
              Date
            </option>
          </select>
        </div>
      </div>
      <div
        className="feed-section"
      >
        <p
          className="subtitle title"
        >
          Feeds
        </p>
        <div
          className="feeds"
        >
          <div
            className="feed card"
          >
            <div
              className="card-image"
            >
              <img
                alt="Central Creative Producer"
                src="http://lorempixel.com/640/480"
              />
            </div>
            <div
              className="card-content"
            >
              <p
                className="name"
              >
                Central Creative Producer
              </p>
              <p
                className="desc"
              >
                Et qui rerum voluptatibus molestias. Eos id incidunt adipisci eum ratione dolores deleniti consectetur rem. Pariatur soluta inventore est facere maiores.
              </p>
              <p
                className="date"
              >
                2018-07-17
              </p>
            </div>
          </div>
          <div
            className="feed card"
          >
            <div
              className="card-image"
            >
              <img
                alt="Central Implementation Coordinator"
                src="http://lorempixel.com/640/480"
              />
            </div>
            <div
              className="card-content"
            >
              <p
                className="name"
              >
                Central Implementation Coordinator
              </p>
              <p
                className="desc"
              >
                Aut et voluptatum laudantium labore et. Molestiae modi esse qui. Ex quidem animi. Dolore consequatur ut occaecati rem id rem est quia quidem. Sit in delectus et vero. Sed quibusdam asperiores ut.
              </p>
              <p
                className="date"
              >
                2018-04-25
              </p>
            </div>
          </div>
          <div
            className="feed card"
          >
            <div
              className="card-image"
            >
              <img
                alt="Central Research Strategist"
                src="http://lorempixel.com/640/480"
              />
            </div>
            <div
              className="card-content"
            >
              <p
                className="name"
              >
                Central Research Strategist
              </p>
              <p
                className="desc"
              >
                Sed eaque et et atque sit. Vel dolorem cupiditate ducimus. Ea iste aut omnis est reiciendis aliquid eos. Explicabo quae rerum dolorum nostrum aut. Dolores at quidem ipsam rerum quis vitae veniam est voluptatibus. Odio veniam expedita laborum voluptatum vero repellat consectetur.
              </p>
              <p
                className="date"
              >
                2017-11-19
              </p>
            </div>
          </div>
          <div
            className="feed card"
          >
            <div
              className="card-image"
            >
              <img
                alt="Chief Brand Orchestrator"
                src="http://lorempixel.com/640/480"
              />
            </div>
            <div
              className="card-content"
            >
              <p
                className="name"
              >
                Chief Brand Orchestrator
              </p>
              <p
                className="desc"
              >
                Doloremque consequatur expedita excepturi dolores debitis. Aperiam illum dolorum officia officia consequatur sint reiciendis. Ut veniam eos nam vel. Beatae sit qui tenetur. Fugit illum cum. Vitae cupiditate maiores aut pariatur corporis.
              </p>
              <p
                className="date"
              >
                2017-10-15
              </p>
            </div>
          </div>
          <div
            className="feed card"
          >
            <div
              className="card-image"
            >
              <img
                alt="Chief Identity Technician"
                src="http://lorempixel.com/640/480"
              />
            </div>
            <div
              className="card-content"
            >
              <p
                className="name"
              >
                Chief Identity Technician
              </p>
              <p
                className="desc"
              >
                Ipsum quis blanditiis enim. Ut ut nisi laborum impedit veritatis. Quia pariatur laboriosam iure esse est necessitatibus velit. Voluptates et nam occaecati eius ut repudiandae saepe quo. Non velit delectus voluptatem sint fugit facilis.
              </p>
              <p
                className="date"
              >
                2018-05-30
              </p>
            </div>
          </div>
          <div
            className="feed card"
          >
            <div
              className="card-image"
            >
              <img
                alt="Chief Mobility Officer"
                src="http://lorempixel.com/640/480"
              />
            </div>
            <div
              className="card-content"
            >
              <p
                className="name"
              >
                Chief Mobility Officer
              </p>
              <p
                className="desc"
              >
                Hic esse laborum. Perferendis quos eligendi. Quo laudantium occaecati molestiae deserunt voluptatum eum doloribus.
              </p>
              <p
                className="date"
              >
                2018-02-01
              </p>
            </div>
          </div>
          <div
            className="feed card"
          >
            <div
              className="card-image"
            >
              <img
                alt="Chief Operations Specialist"
                src="http://lorempixel.com/640/480"
              />
            </div>
            <div
              className="card-content"
            >
              <p
                className="name"
              >
                Chief Operations Specialist
              </p>
              <p
                className="desc"
              >
                Aliquid tenetur saepe velit voluptas quo iste sapiente. Est hic accusamus assumenda ut debitis optio numquam est. Reiciendis nostrum quaerat corporis adipisci nemo velit deserunt repellat. Nihil maiores esse eaque voluptatibus quos dolores officiis voluptatibus voluptas. Illum laudantium autem.
              </p>
              <p
                className="date"
              >
                2018-08-22
              </p>
            </div>
          </div>
          <div
            className="feed card"
          >
            <div
              className="card-image"
            >
              <img
                alt="Chief Optimization Specialist"
                src="http://lorempixel.com/640/480"
              />
            </div>
            <div
              className="card-content"
            >
              <p
                className="name"
              >
                Chief Optimization Specialist
              </p>
              <p
                className="desc"
              >
                Repudiandae aut et voluptas voluptas. Voluptas quod ad labore. Earum nihil sint. Deserunt sint voluptatem ratione tempora at eos provident et accusantium. Sunt tempora porro dolorem necessitatibus labore molestiae blanditiis. Labore quam molestiae quos vel omnis nihil.
              </p>
              <p
                className="date"
              >
                2018-07-29
              </p>
            </div>
          </div>
          <div
            className="feed card"
          >
            <div
              className="card-image"
            >
              <img
                alt="Chief Program Consultant"
                src="http://lorempixel.com/640/480"
              />
            </div>
            <div
              className="card-content"
            >
              <p
                className="name"
              >
                Chief Program Consultant
              </p>
              <p
                className="desc"
              >
                Sed ipsa ea. Ut voluptas ratione non. Assumenda et illum.
              </p>
              <p
                className="date"
              >
                2017-11-03
              </p>
            </div>
          </div>
          <div
            className="feed card"
          >
            <div
              className="card-image"
            >
              <img
                alt="Chief Research Representative"
                src="http://lorempixel.com/640/480"
              />
            </div>
            <div
              className="card-content"
            >
              <p
                className="name"
              >
                Chief Research Representative
              </p>
              <p
                className="desc"
              >
                Numquam cumque quis necessitatibus. Praesentium est atque quia voluptas aspernatur id laboriosam vitae voluptatem. Officiis consequatur molestiae et qui omnis cumque et. Voluptate quaerat quidem iure at rerum incidunt debitis iste. Minus et et.
              </p>
              <p
                className="date"
              >
                2018-02-14
              </p>
            </div>
          </div>
          <div
            className="feed card"
          >
            <div
              className="card-image"
            >
              <img
                alt="Chief Security Agent"
                src="http://lorempixel.com/640/480"
              />
            </div>
            <div
              className="card-content"
            >
              <p
                className="name"
              >
                Chief Security Agent
              </p>
              <p
                className="desc"
              >
                Aspernatur at debitis aliquam dolor labore quia. Quaerat tenetur qui quis. Laudantium tempore qui praesentium veritatis doloremque consequatur possimus quasi. Iure aspernatur atque tenetur itaque error aut natus harum.
              </p>
              <p
                className="date"
              >
                2018-06-22
              </p>
            </div>
          </div>
          <div
            className="feed card"
          >
            <div
              className="card-image"
            >
              <img
                alt="Corporate Integration Consultant"
                src="http://lorempixel.com/640/480"
              />
            </div>
            <div
              className="card-content"
            >
              <p
                className="name"
              >
                Corporate Integration Consultant
              </p>
              <p
                className="desc"
              >
                Quisquam voluptatem nihil et voluptatem temporibus sapiente. Laboriosam adipisci nihil repudiandae ex. Eius eum eaque. Similique sint fugit molestiae soluta dolore nobis aut.
              </p>
              <p
                className="date"
              >
                2018-01-24
              </p>
            </div>
          </div>
          <div
            className="feed card"
          >
            <div
              className="card-image"
            >
              <img
                alt="Corporate Integration Specialist"
                src="http://lorempixel.com/640/480"
              />
            </div>
            <div
              className="card-content"
            >
              <p
                className="name"
              >
                Corporate Integration Specialist
              </p>
              <p
                className="desc"
              >
                Dolor nihil ex culpa quam perferendis aut id perferendis laborum. Provident dolor eos nesciunt libero perspiciatis. Est commodi enim expedita molestiae ea necessitatibus quod voluptatem.
              </p>
              <p
                className="date"
              >
                2017-12-07
              </p>
            </div>
          </div>
          <div
            className="feed card"
          >
            <div
              className="card-image"
            >
              <img
                alt="Corporate Response Developer"
                src="http://lorempixel.com/640/480"
              />
            </div>
            <div
              className="card-content"
            >
              <p
                className="name"
              >
                Corporate Response Developer
              </p>
              <p
                className="desc"
              >
                Libero saepe distinctio ut voluptas voluptas nostrum facere. Sit et possimus assumenda ut non dolore. Odit vel quo non ab nemo.
              </p>
              <p
                className="date"
              >
                2018-09-25
              </p>
            </div>
          </div>
          <div
            className="feed card"
          >
            <div
              className="card-image"
            >
              <img
                alt="Customer Assurance Analyst"
                src="http://lorempixel.com/640/480"
              />
            </div>
            <div
              className="card-content"
            >
              <p
                className="name"
              >
                Customer Assurance Analyst
              </p>
              <p
                className="desc"
              >
                Placeat sit aut. Accusamus et possimus. Veniam vitae necessitatibus. Laborum veritatis molestiae sed.
              </p>
              <p
                className="date"
              >
                2018-07-15
              </p>
            </div>
          </div>
          <div
            className="feed card"
          >
            <div
              className="card-image"
            >
              <img
                alt="Customer Assurance Liaison"
                src="http://lorempixel.com/640/480"
              />
            </div>
            <div
              className="card-content"
            >
              <p
                className="name"
              >
                Customer Assurance Liaison
              </p>
              <p
                className="desc"
              >
                Vel voluptatem id repudiandae aut omnis. Deleniti tempore aliquam quia magnam eos. Sunt saepe nisi delectus.
              </p>
              <p
                className="date"
              >
                2018-05-19
              </p>
            </div>
          </div>
          <div
            className="feed card"
          >
            <div
              className="card-image"
            >
              <img
                alt="Customer Branding Officer"
                src="http://lorempixel.com/640/480"
              />
            </div>
            <div
              className="card-content"
            >
              <p
                className="name"
              >
                Customer Branding Officer
              </p>
              <p
                className="desc"
              >
                Facere vel delectus. Quia quae veniam autem sapiente non nihil aut distinctio voluptatem. Dolorum optio earum ut. Qui illum ullam itaque qui vero cupiditate. Sunt et voluptas. Quidem autem est qui hic exercitationem.
              </p>
              <p
                className="date"
              >
                2017-11-24
              </p>
            </div>
          </div>
          <div
            className="feed card"
          >
            <div
              className="card-image"
            >
              <img
                alt="Customer Creative Executive"
                src="http://lorempixel.com/640/480"
              />
            </div>
            <div
              className="card-content"
            >
              <p
                className="name"
              >
                Customer Creative Executive
              </p>
              <p
                className="desc"
              >
                Saepe vel et reprehenderit rerum iusto. Dolor distinctio adipisci molestias labore quo ut blanditiis veritatis ab. Laborum ipsum ipsum optio corrupti est ut commodi et harum. Qui nobis enim voluptatum.
              </p>
              <p
                className="date"
              >
                2018-09-08
              </p>
            </div>
          </div>
          <div
            className="feed card"
          >
            <div
              className="card-image"
            >
              <img
                alt="Customer Web Specialist"
                src="http://lorempixel.com/640/480"
              />
            </div>
            <div
              className="card-content"
            >
              <p
                className="name"
              >
                Customer Web Specialist
              </p>
              <p
                className="desc"
              >
                Tempore aliquam debitis. Alias quia ut commodi omnis nisi omnis. Eaque aut expedita consequatur.
              </p>
              <p
                className="date"
              >
                2017-10-29
              </p>
            </div>
          </div>
          <div
            className="feed card"
          >
            <div
              className="card-image"
            >
              <img
                alt="Direct Data Facilitator"
                src="http://lorempixel.com/640/480"
              />
            </div>
            <div
              className="card-content"
            >
              <p
                className="name"
              >
                Direct Data Facilitator
              </p>
              <p
                className="desc"
              >
                Sint atque minus qui officiis. Numquam recusandae sint sit est harum consectetur. Qui sequi veniam nihil porro temporibus commodi illo praesentium ab. Et eum aut nihil fugit voluptates deserunt explicabo dolore. Qui neque quis quasi voluptates et beatae atque rerum. Temporibus soluta repellat.
              </p>
              <p
                className="date"
              >
                2018-01-21
              </p>
            </div>
          </div>
          <div
            className="feed card"
          >
            <div
              className="card-image"
            >
              <img
                alt="Direct Mobility Developer"
                src="http://lorempixel.com/640/480"
              />
            </div>
            <div
              className="card-content"
            >
              <p
                className="name"
              >
                Direct Mobility Developer
              </p>
              <p
                className="desc"
              >
                Odit nulla eligendi sint temporibus delectus in tempore rem omnis. Voluptas quis cumque rerum sed mollitia non. Et debitis nostrum assumenda sunt dolor voluptas velit corporis dolor. Voluptas sapiente consectetur velit odio et nobis et beatae. Id cum illum illum est. Quod est tempore voluptas.
              </p>
              <p
                className="date"
              >
                2018-07-14
              </p>
            </div>
          </div>
          <div
            className="feed card"
          >
            <div
              className="card-image"
            >
              <img
                alt="Direct Web Engineer"
                src="http://lorempixel.com/640/480"
              />
            </div>
            <div
              className="card-content"
            >
              <p
                className="name"
              >
                Direct Web Engineer
              </p>
              <p
                className="desc"
              >
                Recusandae nisi et pariatur laborum officiis tempora minus omnis quia. Voluptas labore consequatur quo ad voluptatem animi illo. Facilis nihil temporibus veniam veniam qui assumenda. Doloribus dolore aut et enim alias voluptatibus impedit pariatur. Assumenda sunt qui molestiae ut vel corrupti eligendi et omnis.
              </p>
              <p
                className="date"
              >
                2017-12-08
              </p>
            </div>
          </div>
          <div
            className="feed card"
          >
            <div
              className="card-image"
            >
              <img
                alt="District Applications Representative"
                src="http://lorempixel.com/640/480"
              />
            </div>
            <div
              className="card-content"
            >
              <p
                className="name"
              >
                District Applications Representative
              </p>
              <p
                className="desc"
              >
                Libero optio nihil minima corporis aspernatur fugiat quia. Ea qui cupiditate impedit provident quas et accusamus occaecati quidem. Ut corrupti eum corporis id velit necessitatibus voluptatem est quibusdam. Deleniti qui quam perferendis reprehenderit ut.
              </p>
              <p
                className="date"
              >
                2018-06-13
              </p>
            </div>
          </div>
          <div
            className="feed card"
          >
            <div
              className="card-image"
            >
              <img
                alt="District Branding Liaison"
                src="http://lorempixel.com/640/480"
              />
            </div>
            <div
              className="card-content"
            >
              <p
                className="name"
              >
                District Branding Liaison
              </p>
              <p
                className="desc"
              >
                Fugiat praesentium aspernatur accusantium praesentium blanditiis modi. Ipsam dignissimos odio eum aut fugit aliquam error facilis explicabo. Voluptatum eaque ullam voluptate hic dolorem dolores ab quod. Incidunt consequatur nam et voluptatem reprehenderit quibusdam hic aut. Architecto voluptas numquam est natus quis. Reprehenderit eaque voluptas voluptas nihil cupiditate.
              </p>
              <p
                className="date"
              >
                2017-12-28
              </p>
            </div>
          </div>
          <div
            className="feed card"
          >
            <div
              className="card-image"
            >
              <img
                alt="District Data Liaison"
                src="http://lorempixel.com/640/480"
              />
            </div>
            <div
              className="card-content"
            >
              <p
                className="name"
              >
                District Data Liaison
              </p>
              <p
                className="desc"
              >
                Quis autem quia eos. Similique saepe error qui magnam sint doloremque quo quasi voluptatibus. Pariatur error repudiandae aut libero omnis esse voluptatem numquam. Est repellendus quo maxime iusto in inventore tempora harum.
              </p>
              <p
                className="date"
              >
                2018-03-03
              </p>
            </div>
          </div>
          <div
            className="feed card"
          >
            <div
              className="card-image"
            >
              <img
                alt="District Data Officer"
                src="http://lorempixel.com/640/480"
              />
            </div>
            <div
              className="card-content"
            >
              <p
                className="name"
              >
                District Data Officer
              </p>
              <p
                className="desc"
              >
                Perspiciatis suscipit eius. Atque dolorem eligendi rerum et aut laborum et quidem. Excepturi minima omnis debitis necessitatibus suscipit voluptatem neque.
              </p>
              <p
                className="date"
              >
                2018-01-19
              </p>
            </div>
          </div>
          <div
            className="feed card"
          >
            <div
              className="card-image"
            >
              <img
                alt="District Metrics Executive"
                src="http://lorempixel.com/640/480"
              />
            </div>
            <div
              className="card-content"
            >
              <p
                className="name"
              >
                District Metrics Executive
              </p>
              <p
                className="desc"
              >
                Odit repudiandae et nemo voluptas quae. Voluptatibus inventore iure deserunt aliquid qui esse. Impedit molestias ea sed. Neque perspiciatis excepturi odit. Quibusdam facere dolor. Adipisci recusandae recusandae.
              </p>
              <p
                className="date"
              >
                2018-07-14
              </p>
            </div>
          </div>
          <div
            className="feed card"
          >
            <div
              className="card-image"
            >
              <img
                alt="District Quality Agent"
                src="http://lorempixel.com/640/480"
              />
            </div>
            <div
              className="card-content"
            >
              <p
                className="name"
              >
                District Quality Agent
              </p>
              <p
                className="desc"
              >
                Mollitia at facilis illum delectus eius pariatur id cumque autem. Nihil nihil dolore. Eaque non sint sint recusandae accusantium ut voluptas aut.
              </p>
              <p
                className="date"
              >
                2018-07-12
              </p>
            </div>
          </div>
          <div
            className="feed card"
          >
            <div
              className="card-image"
            >
              <img
                alt="District Solutions Orchestrator"
                src="http://lorempixel.com/640/480"
              />
            </div>
            <div
              className="card-content"
            >
              <p
                className="name"
              >
                District Solutions Orchestrator
              </p>
              <p
                className="desc"
              >
                Laboriosam occaecati modi sit voluptatem. Quis harum rerum similique at. Animi porro doloremque expedita occaecati. Et porro eum quia eligendi doloribus aut. Tenetur provident maxime quod illum vitae excepturi. Nemo ipsum non.
              </p>
              <p
                className="date"
              >
                2018-10-03
              </p>
            </div>
          </div>
          <div
            className="feed card"
          >
            <div
              className="card-image"
            >
              <img
                alt="Dynamic Division Strategist"
                src="http://lorempixel.com/640/480"
              />
            </div>
            <div
              className="card-content"
            >
              <p
                className="name"
              >
                Dynamic Division Strategist
              </p>
              <p
                className="desc"
              >
                Qui animi est nemo sunt repudiandae illum. Accusantium illo dolorem atque enim ad. Blanditiis illo unde at inventore sed et. Odit culpa nostrum libero blanditiis perferendis. Dolorem et occaecati soluta et molestiae consequuntur.
              </p>
              <p
                className="date"
              >
                2018-02-24
              </p>
            </div>
          </div>
          <div
            className="feed card"
          >
            <div
              className="card-image"
            >
              <img
                alt="Dynamic Identity Specialist"
                src="http://lorempixel.com/640/480"
              />
            </div>
            <div
              className="card-content"
            >
              <p
                className="name"
              >
                Dynamic Identity Specialist
              </p>
              <p
                className="desc"
              >
                Quasi temporibus hic et accusantium. Ea et ullam illum esse quae ea adipisci. Rerum nihil quod ex error voluptatem voluptatem et culpa. Nemo voluptatem veritatis fugiat molestiae officiis adipisci. Perferendis et sed illum.
              </p>
              <p
                className="date"
              >
                2018-01-02
              </p>
            </div>
          </div>
          <div
            className="feed card"
          >
            <div
              className="card-image"
            >
              <img
                alt="Dynamic Infrastructure Designer"
                src="http://lorempixel.com/640/480"
              />
            </div>
            <div
              className="card-content"
            >
              <p
                className="name"
              >
                Dynamic Infrastructure Designer
              </p>
              <p
                className="desc"
              >
                Quaerat in rerum. Possimus reprehenderit provident ea voluptatem qui et enim. Ducimus ea soluta esse modi quia.
              </p>
              <p
                className="date"
              >
                2017-11-28
              </p>
            </div>
          </div>
          <div
            className="feed card"
          >
            <div
              className="card-image"
            >
              <img
                alt="Dynamic Interactions Supervisor"
                src="http://lorempixel.com/640/480"
              />
            </div>
            <div
              className="card-content"
            >
              <p
                className="name"
              >
                Dynamic Interactions Supervisor
              </p>
              <p
                className="desc"
              >
                Sunt modi id nemo quod magni incidunt qui fugiat. Delectus perspiciatis hic ut. Beatae hic hic aliquam voluptatibus fuga sunt.
              </p>
              <p
                className="date"
              >
                2018-02-22
              </p>
            </div>
          </div>
          <div
            className="feed card"
          >
            <div
              className="card-image"
            >
              <img
                alt="Dynamic Marketing Consultant"
                src="http://lorempixel.com/640/480"
              />
            </div>
            <div
              className="card-content"
            >
              <p
                className="name"
              >
                Dynamic Marketing Consultant
              </p>
              <p
                className="desc"
              >
                Officia vero non illum nesciunt perferendis quia porro. Voluptatibus suscipit esse labore odit harum laudantium magni. Sit facere quia qui quam est nostrum sed dolorum.
              </p>
              <p
                className="date"
              >
                2017-10-20
              </p>
            </div>
          </div>
          <div
            className="feed card"
          >
            <div
              className="card-image"
            >
              <img
                alt="Dynamic Marketing Orchestrator"
                src="http://lorempixel.com/640/480"
              />
            </div>
            <div
              className="card-content"
            >
              <p
                className="name"
              >
                Dynamic Marketing Orchestrator
              </p>
              <p
                className="desc"
              >
                Molestiae aperiam alias qui est nostrum aut quod et. Sapiente eos aut vel veritatis ut numquam placeat impedit doloremque. Hic ut est sint ea. Ipsam aspernatur aut a dolorum incidunt qui deserunt porro cum.
              </p>
              <p
                className="date"
              >
                2018-04-20
              </p>
            </div>
          </div>
          <div
            className="feed card"
          >
            <div
              className="card-image"
            >
              <img
                alt="Dynamic Metrics Designer"
                src="http://lorempixel.com/640/480"
              />
            </div>
            <div
              className="card-content"
            >
              <p
                className="name"
              >
                Dynamic Metrics Designer
              </p>
              <p
                className="desc"
              >
                Consequatur expedita velit asperiores maxime. Enim fuga qui error eum qui nobis. Et quod quidem quia et aut temporibus officia optio officiis. Quia porro aut velit omnis maxime aut dolore dicta ut.
              </p>
              <p
                className="date"
              >
                2018-05-30
              </p>
            </div>
          </div>
          <div
            className="feed card"
          >
            <div
              className="card-image"
            >
              <img
                alt="Dynamic Security Director"
                src="http://lorempixel.com/640/480"
              />
            </div>
            <div
              className="card-content"
            >
              <p
                className="name"
              >
                Dynamic Security Director
              </p>
              <p
                className="desc"
              >
                Molestiae magni in dolores sint totam vero sed quia. Sequi officiis labore. Cum quidem quas. Ipsam quibusdam aliquid in ad suscipit id quae. Ut porro possimus pariatur fugit laudantium sapiente deserunt culpa quas. Incidunt et repellat dolore.
              </p>
              <p
                className="date"
              >
                2018-05-10
              </p>
            </div>
          </div>
          <div
            className="feed card"
          >
            <div
              className="card-image"
            >
              <img
                alt="Forward Integration Manager"
                src="http://lorempixel.com/640/480"
              />
            </div>
            <div
              className="card-content"
            >
              <p
                className="name"
              >
                Forward Integration Manager
              </p>
              <p
                className="desc"
              >
                Eveniet assumenda omnis excepturi dolor eaque. Laboriosam inventore tempore quo assumenda quos quae recusandae aliquid corrupti. Vitae vitae ut dignissimos atque.
              </p>
              <p
                className="date"
              >
                2017-12-19
              </p>
            </div>
          </div>
          <div
            className="feed card"
          >
            <div
              className="card-image"
            >
              <img
                alt="Forward Operations Designer"
                src="http://lorempixel.com/640/480"
              />
            </div>
            <div
              className="card-content"
            >
              <p
                className="name"
              >
                Forward Operations Designer
              </p>
              <p
                className="desc"
              >
                Voluptas dolorem doloribus corporis voluptatum. Illum voluptate consequatur rerum delectus. Enim culpa velit consequuntur quis. Ab mollitia ducimus. Dolorem aut saepe beatae autem et omnis illo amet.
              </p>
              <p
                className="date"
              >
                2017-12-30
              </p>
            </div>
          </div>
          <div
            className="feed card"
          >
            <div
              className="card-image"
            >
              <img
                alt="Future Division Director"
                src="http://lorempixel.com/640/480"
              />
            </div>
            <div
              className="card-content"
            >
              <p
                className="name"
              >
                Future Division Director
              </p>
              <p
                className="desc"
              >
                Quibusdam at id sint voluptatem maxime inventore eos praesentium. Aliquam veritatis harum voluptate hic voluptas voluptate. Est delectus voluptas laborum maxime recusandae. Qui et enim numquam voluptate. Sint sed neque odit.
              </p>
              <p
                className="date"
              >
                2018-05-03
              </p>
            </div>
          </div>
          <div
            className="feed card"
          >
            <div
              className="card-image"
            >
              <img
                alt="Future Functionality Officer"
                src="http://lorempixel.com/640/480"
              />
            </div>
            <div
              className="card-content"
            >
              <p
                className="name"
              >
                Future Functionality Officer
              </p>
              <p
                className="desc"
              >
                Magni ut eius impedit suscipit. Facere autem accusantium. Eligendi molestiae quibusdam eaque aliquid hic debitis. Iusto dolorem laudantium velit eveniet quia repudiandae omnis.
              </p>
              <p
                className="date"
              >
                2017-12-10
              </p>
            </div>
          </div>
          <div
            className="feed card"
          >
            <div
              className="card-image"
            >
              <img
                alt="Future Marketing Representative"
                src="http://lorempixel.com/640/480"
              />
            </div>
            <div
              className="card-content"
            >
              <p
                className="name"
              >
                Future Marketing Representative
              </p>
              <p
                className="desc"
              >
                Ipsum necessitatibus sequi aut. Fugit placeat qui in beatae qui tempora aut. Omnis consectetur ullam consectetur voluptatibus ipsum dignissimos. Quis laborum porro magni quae qui dignissimos. Voluptatem voluptas ea et et quam.
              </p>
              <p
                className="date"
              >
                2018-09-20
              </p>
            </div>
          </div>
          <div
            className="feed card"
          >
            <div
              className="card-image"
            >
              <img
                alt="Future Program Assistant"
                src="http://lorempixel.com/640/480"
              />
            </div>
            <div
              className="card-content"
            >
              <p
                className="name"
              >
                Future Program Assistant
              </p>
              <p
                className="desc"
              >
                Commodi aperiam perferendis modi dolor laudantium neque non hic non. Nam ducimus et. Enim eius autem quasi quia. Sed voluptatem illum dolore. Sit aliquid repellat cum illo nesciunt et recusandae aut iure.
              </p>
              <p
                className="date"
              >
                2018-05-07
              </p>
            </div>
          </div>
          <div
            className="feed card"
          >
            <div
              className="card-image"
            >
              <img
                alt="Future Response Engineer"
                src="http://lorempixel.com/640/480"
              />
            </div>
            <div
              className="card-content"
            >
              <p
                className="name"
              >
                Future Response Engineer
              </p>
              <p
                className="desc"
              >
                Id voluptas sapiente. Qui ipsam inventore exercitationem ut quia. Et qui saepe aperiam. Dolorem consequatur non praesentium totam molestiae odit consequuntur. Et beatae error doloribus ducimus.
              </p>
              <p
                className="date"
              >
                2018-04-02
              </p>
            </div>
          </div>
          <div
            className="feed card"
          >
            <div
              className="card-image"
            >
              <img
                alt="Global Brand Analyst"
                src="http://lorempixel.com/640/480"
              />
            </div>
            <div
              className="card-content"
            >
              <p
                className="name"
              >
                Global Brand Analyst
              </p>
              <p
                className="desc"
              >
                Eos sapiente non magni sed optio. Ad at qui nemo. Eveniet quibusdam sint ut animi nisi doloremque. At in qui quo praesentium. Odio quia totam in ab aliquid maxime iure.
              </p>
              <p
                className="date"
              >
                2018-09-08
              </p>
            </div>
          </div>
          <div
            className="feed card"
          >
            <div
              className="card-image"
            >
              <img
                alt="Global Brand Associate"
                src="http://lorempixel.com/640/480"
              />
            </div>
            <div
              className="card-content"
            >
              <p
                className="name"
              >
                Global Brand Associate
              </p>
              <p
                className="desc"
              >
                Et accusamus voluptate cum aut corporis. Accusantium error delectus quia. Placeat ipsum dolore autem. Sunt harum nisi nobis dolor quas.
              </p>
              <p
                className="date"
              >
                2018-01-09
              </p>
            </div>
          </div>
          <div
            className="feed card"
          >
            <div
              className="card-image"
            >
              <img
                alt="Global Interactions Producer"
                src="http://lorempixel.com/640/480"
              />
            </div>
            <div
              className="card-content"
            >
              <p
                className="name"
              >
                Global Interactions Producer
              </p>
              <p
                className="desc"
              >
                Aliquam sit quam veniam consequatur voluptatibus fugit repellat ut. Impedit quia culpa et quia sapiente cum autem vitae. Aliquid error provident vel quod quibusdam. Quis eum quis est cum qui.
              </p>
              <p
                className="date"
              >
                2018-03-25
              </p>
            </div>
          </div>
          <div
            className="feed card"
          >
            <div
              className="card-image"
            >
              <img
                alt="Global Operations Liaison"
                src="http://lorempixel.com/640/480"
              />
            </div>
            <div
              className="card-content"
            >
              <p
                className="name"
              >
                Global Operations Liaison
              </p>
              <p
                className="desc"
              >
                Recusandae aut voluptas velit tempora mollitia. Culpa aut eius repudiandae ab molestias earum. Unde in sit tempora et.
              </p>
              <p
                className="date"
              >
                2018-06-16
              </p>
            </div>
          </div>
          <div
            className="feed card"
          >
            <div
              className="card-image"
            >
              <img
                alt="Human Brand Liaison"
                src="http://lorempixel.com/640/480"
              />
            </div>
            <div
              className="card-content"
            >
              <p
                className="name"
              >
                Human Brand Liaison
              </p>
              <p
                className="desc"
              >
                Iure id sapiente quae et alias nam sit. Qui harum dolorem sapiente magnam id qui dolores dolorem voluptatem. Excepturi ea nesciunt quo ab voluptates sint amet dignissimos. Corrupti reiciendis odit.
              </p>
              <p
                className="date"
              >
                2018-01-17
              </p>
            </div>
          </div>
          <div
            className="feed card"
          >
            <div
              className="card-image"
            >
              <img
                alt="Human Communications Representative"
                src="http://lorempixel.com/640/480"
              />
            </div>
            <div
              className="card-content"
            >
              <p
                className="name"
              >
                Human Communications Representative
              </p>
              <p
                className="desc"
              >
                Libero qui magnam necessitatibus sed suscipit id qui tempora maxime. Qui magnam voluptatibus aliquam iusto ducimus ab qui sint. Possimus sunt odit ullam voluptatem illum. Qui sed magnam nostrum doloribus deserunt assumenda nulla voluptatem.
              </p>
              <p
                className="date"
              >
                2018-09-08
              </p>
            </div>
          </div>
          <div
            className="feed card"
          >
            <div
              className="card-image"
            >
              <img
                alt="Human Configuration Developer"
                src="http://lorempixel.com/640/480"
              />
            </div>
            <div
              className="card-content"
            >
              <p
                className="name"
              >
                Human Configuration Developer
              </p>
              <p
                className="desc"
              >
                Qui nesciunt ab rerum enim. Minima dolorum optio repellat molestiae sunt. Molestias ut ratione ut.
              </p>
              <p
                className="date"
              >
                2017-12-14
              </p>
            </div>
          </div>
          <div
            className="feed card"
          >
            <div
              className="card-image"
            >
              <img
                alt="Human Configuration Manager"
                src="http://lorempixel.com/640/480"
              />
            </div>
            <div
              className="card-content"
            >
              <p
                className="name"
              >
                Human Configuration Manager
              </p>
              <p
                className="desc"
              >
                Voluptatem molestias velit ut nihil quibusdam quia. Aut perferendis vero aut quam odio. Sunt quia odit magnam porro ea. Voluptatem veniam eius est ut. Quaerat magni in. Non aliquam iste nostrum omnis repudiandae harum rerum at.
              </p>
              <p
                className="date"
              >
                2017-11-15
              </p>
            </div>
          </div>
          <div
            className="feed card"
          >
            <div
              className="card-image"
            >
              <img
                alt="Human Data Designer"
                src="http://lorempixel.com/640/480"
              />
            </div>
            <div
              className="card-content"
            >
              <p
                className="name"
              >
                Human Data Designer
              </p>
              <p
                className="desc"
              >
                Vero enim dignissimos. Numquam harum facilis delectus itaque dolore libero omnis asperiores aut. Deserunt quas dolore omnis quibusdam aut. A nihil expedita repellat eaque unde eveniet voluptatum harum.
              </p>
              <p
                className="date"
              >
                2018-06-05
              </p>
            </div>
          </div>
          <div
            className="feed card"
          >
            <div
              className="card-image"
            >
              <img
                alt="Human Data Facilitator"
                src="http://lorempixel.com/640/480"
              />
            </div>
            <div
              className="card-content"
            >
              <p
                className="name"
              >
                Human Data Facilitator
              </p>
              <p
                className="desc"
              >
                Et enim dolor eum natus ea quis. Et accusamus inventore voluptatum qui iure culpa optio. Natus et maxime optio in consequatur minus quia voluptatem.
              </p>
              <p
                className="date"
              >
                2017-12-03
              </p>
            </div>
          </div>
          <div
            className="feed card"
          >
            <div
              className="card-image"
            >
              <img
                alt="Human Directives Analyst"
                src="http://lorempixel.com/640/480"
              />
            </div>
            <div
              className="card-content"
            >
              <p
                className="name"
              >
                Human Directives Analyst
              </p>
              <p
                className="desc"
              >
                Sint accusamus sed quidem ab ut quis ut. Id unde eaque voluptatem pariatur sit blanditiis sequi. Repellat deserunt id autem blanditiis dicta eius quis et debitis. Culpa minus asperiores. Rerum delectus id magni consequatur quas voluptas ea tenetur et.
              </p>
              <p
                className="date"
              >
                2018-07-25
              </p>
            </div>
          </div>
          <div
            className="feed card"
          >
            <div
              className="card-image"
            >
              <img
                alt="Human Factors Analyst"
                src="http://lorempixel.com/640/480"
              />
            </div>
            <div
              className="card-content"
            >
              <p
                className="name"
              >
                Human Factors Analyst
              </p>
              <p
                className="desc"
              >
                Quis eos in repudiandae. Dicta dolore rerum unde sapiente. Consequatur ea rerum non alias et sapiente dolore aliquid. Eius quia delectus porro id non voluptas.
              </p>
              <p
                className="date"
              >
                2018-07-27
              </p>
            </div>
          </div>
          <div
            className="feed card"
          >
            <div
              className="card-image"
            >
              <img
                alt="Human Mobility Supervisor"
                src="http://lorempixel.com/640/480"
              />
            </div>
            <div
              className="card-content"
            >
              <p
                className="name"
              >
                Human Mobility Supervisor
              </p>
              <p
                className="desc"
              >
                Perspiciatis qui ut expedita et itaque. Aut illum aliquid ea quod velit in facilis qui. Laboriosam omnis a eius. Fugit accusantium adipisci eaque ex quia magnam. A neque cupiditate ea aliquam earum. Facilis officiis ex veniam laborum.
              </p>
              <p
                className="date"
              >
                2018-04-09
              </p>
            </div>
          </div>
          <div
            className="feed card"
          >
            <div
              className="card-image"
            >
              <img
                alt="Human Security Technician"
                src="http://lorempixel.com/640/480"
              />
            </div>
            <div
              className="card-content"
            >
              <p
                className="name"
              >
                Human Security Technician
              </p>
              <p
                className="desc"
              >
                In ut qui itaque ut maiores. Vel ut incidunt necessitatibus error officia porro ut omnis. Laboriosam explicabo aut officia qui fugit fuga eos nam. Eius culpa commodi. Quia quia aut odio rem velit temporibus et velit est.
              </p>
              <p
                className="date"
              >
                2018-05-13
              </p>
            </div>
          </div>
          <div
            className="feed card"
          >
            <div
              className="card-image"
            >
              <img
                alt="Human Solutions Planner"
                src="http://lorempixel.com/640/480"
              />
            </div>
            <div
              className="card-content"
            >
              <p
                className="name"
              >
                Human Solutions Planner
              </p>
              <p
                className="desc"
              >
                Necessitatibus numquam nobis molestias nam. Expedita ut qui quia et dolor aperiam ea nulla. Facilis quia dolore ab asperiores culpa. Vel enim magnam in. Molestias qui modi qui consequatur. Placeat ea reiciendis dolorum ratione ea tenetur illo.
              </p>
              <p
                className="date"
              >
                2017-11-24
              </p>
            </div>
          </div>
          <div
            className="feed card"
          >
            <div
              className="card-image"
            >
              <img
                alt="Human Web Agent"
                src="http://lorempixel.com/640/480"
              />
            </div>
            <div
              className="card-content"
            >
              <p
                className="name"
              >
                Human Web Agent
              </p>
              <p
                className="desc"
              >
                Vitae dolor natus aut aut. Totam dolor porro. Rem est repellendus voluptas eos soluta.
              </p>
              <p
                className="date"
              >
                2018-04-16
              </p>
            </div>
          </div>
          <div
            className="feed card"
          >
            <div
              className="card-image"
            >
              <img
                alt="Internal Applications Developer"
                src="http://lorempixel.com/640/480"
              />
            </div>
            <div
              className="card-content"
            >
              <p
                className="name"
              >
                Internal Applications Developer
              </p>
              <p
                className="desc"
              >
                Laborum et cumque nulla velit ipsa in. Voluptatum voluptatem autem officia aliquid nihil. Ipsam consectetur cumque veniam omnis sed magnam dolor eos.
              </p>
              <p
                className="date"
              >
                2018-05-08
              </p>
            </div>
          </div>
          <div
            className="feed card"
          >
            <div
              className="card-image"
            >
              <img
                alt="Internal Assurance Manager"
                src="http://lorempixel.com/640/480"
              />
            </div>
            <div
              className="card-content"
            >
              <p
                className="name"
              >
                Internal Assurance Manager
              </p>
              <p
                className="desc"
              >
                Excepturi distinctio tempora numquam praesentium necessitatibus ipsum. Molestiae amet saepe odio vero et laboriosam ipsum. Doloremque distinctio molestiae optio.
              </p>
              <p
                className="date"
              >
                2018-09-26
              </p>
            </div>
          </div>
          <div
            className="feed card"
          >
            <div
              className="card-image"
            >
              <img
                alt="Internal Directives Designer"
                src="http://lorempixel.com/640/480"
              />
            </div>
            <div
              className="card-content"
            >
              <p
                className="name"
              >
                Internal Directives Designer
              </p>
              <p
                className="desc"
              >
                Et voluptatum voluptates placeat. Consequatur id est id in qui. Voluptatibus alias veritatis cupiditate quaerat voluptas mollitia.
              </p>
              <p
                className="date"
              >
                2018-05-28
              </p>
            </div>
          </div>
          <div
            className="feed card"
          >
            <div
              className="card-image"
            >
              <img
                alt="International Applications Assistant"
                src="http://lorempixel.com/640/480"
              />
            </div>
            <div
              className="card-content"
            >
              <p
                className="name"
              >
                International Applications Assistant
              </p>
              <p
                className="desc"
              >
                Aut qui omnis sunt voluptas aut est vero pariatur sit. Ipsam delectus explicabo totam debitis doloribus in. Velit voluptates asperiores.
              </p>
              <p
                className="date"
              >
                2018-02-17
              </p>
            </div>
          </div>
          <div
            className="feed card"
          >
            <div
              className="card-image"
            >
              <img
                alt="International Brand Analyst"
                src="http://lorempixel.com/640/480"
              />
            </div>
            <div
              className="card-content"
            >
              <p
                className="name"
              >
                International Brand Analyst
              </p>
              <p
                className="desc"
              >
                Fuga cupiditate dolorum eos. Quia vel et eos qui tempora. Et et et et alias at suscipit. Corporis eum nostrum recusandae similique rerum sit perferendis ut. Qui excepturi laborum est et fugit laborum.
              </p>
              <p
                className="date"
              >
                2018-04-18
              </p>
            </div>
          </div>
          <div
            className="feed card"
          >
            <div
              className="card-image"
            >
              <img
                alt="International Directives Manager"
                src="http://lorempixel.com/640/480"
              />
            </div>
            <div
              className="card-content"
            >
              <p
                className="name"
              >
                International Directives Manager
              </p>
              <p
                className="desc"
              >
                Velit velit sit veniam et neque. Omnis maiores non iure sed. Mollitia quibusdam dolorem sunt et qui et veritatis voluptatum. Placeat autem molestiae nobis maxime et qui quis enim dignissimos. Magni ut veniam dolores mollitia aut culpa laborum expedita. Qui suscipit ipsa a ullam qui.
              </p>
              <p
                className="date"
              >
                2018-05-10
              </p>
            </div>
          </div>
          <div
            className="feed card"
          >
            <div
              className="card-image"
            >
              <img
                alt="International Paradigm Associate"
                src="http://lorempixel.com/640/480"
              />
            </div>
            <div
              className="card-content"
            >
              <p
                className="name"
              >
                International Paradigm Associate
              </p>
              <p
                className="desc"
              >
                Velit amet perspiciatis sed ratione ut quidem. Et libero eos cum eligendi praesentium est quo cupiditate nihil. Ut vero magni praesentium veritatis inventore iste. Laborum assumenda officia et non sit atque aut fuga. Voluptatum rem et ex nesciunt doloremque illum tempore quia eligendi. Dolor magnam modi adipisci ratione et doloribus repellat sunt ut.
              </p>
              <p
                className="date"
              >
                2017-11-21
              </p>
            </div>
          </div>
          <div
            className="feed card"
          >
            <div
              className="card-image"
            >
              <img
                alt="Investor Brand Executive"
                src="http://lorempixel.com/640/480"
              />
            </div>
            <div
              className="card-content"
            >
              <p
                className="name"
              >
                Investor Brand Executive
              </p>
              <p
                className="desc"
              >
                Vel ex explicabo. Quibusdam impedit ratione eligendi qui ea animi. Dolores molestiae non. Ipsum et vitae aperiam fugiat deleniti repellendus magnam animi. Illo esse dolores ad.
              </p>
              <p
                className="date"
              >
                2017-12-26
              </p>
            </div>
          </div>
          <div
            className="feed card"
          >
            <div
              className="card-image"
            >
              <img
                alt="Investor Brand Planner"
                src="http://lorempixel.com/640/480"
              />
            </div>
            <div
              className="card-content"
            >
              <p
                className="name"
              >
                Investor Brand Planner
              </p>
              <p
                className="desc"
              >
                Recusandae quibusdam cum voluptatem nisi et veritatis assumenda iusto. Optio pariatur pariatur eveniet non voluptate ipsum corporis. Consequatur et commodi ut enim molestiae maiores culpa iure. Qui dolor distinctio ex perferendis omnis soluta sunt omnis accusantium. Sequi adipisci voluptate sunt minus et aut vel.
              </p>
              <p
                className="date"
              >
                2018-07-01
              </p>
            </div>
          </div>
          <div
            className="feed card"
          >
            <div
              className="card-image"
            >
              <img
                alt="Investor Marketing Specialist"
                src="http://lorempixel.com/640/480"
              />
            </div>
            <div
              className="card-content"
            >
              <p
                className="name"
              >
                Investor Marketing Specialist
              </p>
              <p
                className="desc"
              >
                Magni eaque atque autem dolor. Mollitia beatae ratione. Voluptatem et dolore fuga at fugiat nesciunt quibusdam qui quia. Totam sunt deserunt saepe explicabo. Cupiditate aut provident quasi et beatae hic.
              </p>
              <p
                className="date"
              >
                2018-02-26
              </p>
            </div>
          </div>
          <div
            className="feed card"
          >
            <div
              className="card-image"
            >
              <img
                alt="Investor Quality Executive"
                src="http://lorempixel.com/640/480"
              />
            </div>
            <div
              className="card-content"
            >
              <p
                className="name"
              >
                Investor Quality Executive
              </p>
              <p
                className="desc"
              >
                Voluptatem itaque eos voluptatibus. Sunt ea molestiae consequatur quidem et sequi vero. Id blanditiis aspernatur iure ea officia dolores deleniti. Porro autem molestias animi eum et atque et. Fuga et culpa.
              </p>
              <p
                className="date"
              >
                2017-10-29
              </p>
            </div>
          </div>
          <div
            className="feed card"
          >
            <div
              className="card-image"
            >
              <img
                alt="Lead Identity Director"
                src="http://lorempixel.com/640/480"
              />
            </div>
            <div
              className="card-content"
            >
              <p
                className="name"
              >
                Lead Identity Director
              </p>
              <p
                className="desc"
              >
                Nam praesentium voluptate enim perspiciatis doloremque et sint ut. Non modi aperiam quia sed quia omnis inventore quaerat. Quasi at doloremque dolorem eos repudiandae. Qui rerum dolor rerum illum vel doloribus nihil.
              </p>
              <p
                className="date"
              >
                2018-01-18
              </p>
            </div>
          </div>
          <div
            className="feed card"
          >
            <div
              className="card-image"
            >
              <img
                alt="Lead Marketing Orchestrator"
                src="http://lorempixel.com/640/480"
              />
            </div>
            <div
              className="card-content"
            >
              <p
                className="name"
              >
                Lead Marketing Orchestrator
              </p>
              <p
                className="desc"
              >
                Voluptatem repudiandae veritatis aut adipisci tenetur. Eligendi in enim qui quo quod. Vitae est ipsam dignissimos eveniet harum.
              </p>
              <p
                className="date"
              >
                2017-10-24
              </p>
            </div>
          </div>
          <div
            className="feed card"
          >
            <div
              className="card-image"
            >
              <img
                alt="Lead Markets Administrator"
                src="http://lorempixel.com/640/480"
              />
            </div>
            <div
              className="card-content"
            >
              <p
                className="name"
              >
                Lead Markets Administrator
              </p>
              <p
                className="desc"
              >
                Unde repellat eos nemo est fugit. Aliquid accusamus iure aspernatur commodi alias culpa. Commodi quae vitae consequatur assumenda rem ea. Beatae illo veritatis consequatur esse. Animi est voluptatem. Dicta rerum dolore.
              </p>
              <p
                className="date"
              >
                2018-08-09
              </p>
            </div>
          </div>
          <div
            className="feed card"
          >
            <div
              className="card-image"
            >
              <img
                alt="Lead Quality Technician"
                src="http://lorempixel.com/640/480"
              />
            </div>
            <div
              className="card-content"
            >
              <p
                className="name"
              >
                Lead Quality Technician
              </p>
              <p
                className="desc"
              >
                Tenetur deleniti aut molestiae maxime. Placeat nihil et ducimus et cum id voluptate sed. Maiores iure quia modi. At et cum et quas ad voluptas vel et.
              </p>
              <p
                className="date"
              >
                2018-07-12
              </p>
            </div>
          </div>
          <div
            className="feed card"
          >
            <div
              className="card-image"
            >
              <img
                alt="Lead Solutions Engineer"
                src="http://lorempixel.com/640/480"
              />
            </div>
            <div
              className="card-content"
            >
              <p
                className="name"
              >
                Lead Solutions Engineer
              </p>
              <p
                className="desc"
              >
                Facere ducimus facilis molestiae. Pariatur optio hic pariatur velit accusamus. Fugit ratione blanditiis delectus. Architecto dolor omnis. Minima reiciendis eos quos. Quis tempore libero sed odit animi vitae enim porro eos.
              </p>
              <p
                className="date"
              >
                2017-10-16
              </p>
            </div>
          </div>
          <div
            className="feed card"
          >
            <div
              className="card-image"
            >
              <img
                alt="Legacy Applications Officer"
                src="http://lorempixel.com/640/480"
              />
            </div>
            <div
              className="card-content"
            >
              <p
                className="name"
              >
                Legacy Applications Officer
              </p>
              <p
                className="desc"
              >
                Vero vitae saepe veniam exercitationem aliquid repellat voluptatem repellendus qui. Nam non ut adipisci veritatis et est nemo. Voluptatem sed minima magni iure ut. Est quisquam et. Qui quod deleniti tempora modi.
              </p>
              <p
                className="date"
              >
                2018-07-30
              </p>
            </div>
          </div>
          <div
            className="feed card"
          >
            <div
              className="card-image"
            >
              <img
                alt="Legacy Metrics Agent"
                src="http://lorempixel.com/640/480"
              />
            </div>
            <div
              className="card-content"
            >
              <p
                className="name"
              >
                Legacy Metrics Agent
              </p>
              <p
                className="desc"
              >
                Animi omnis et aliquid sunt aut dolorem sit non blanditiis. Vel odio dolor excepturi quos voluptatibus est voluptas quis vitae. Id fugiat quam quo quisquam corrupti. Laborum veritatis autem voluptatem et.
              </p>
              <p
                className="date"
              >
                2018-07-15
              </p>
            </div>
          </div>
          <div
            className="feed card"
          >
            <div
              className="card-image"
            >
              <img
                alt="Legacy Optimization Strategist"
                src="http://lorempixel.com/640/480"
              />
            </div>
            <div
              className="card-content"
            >
              <p
                className="name"
              >
                Legacy Optimization Strategist
              </p>
              <p
                className="desc"
              >
                Explicabo voluptas et rem expedita voluptatum. Sunt excepturi tempora dicta id voluptates blanditiis voluptas quia quo. Qui officiis et. Quibusdam ut perferendis exercitationem aperiam. Omnis voluptas quos dolorem ut molestias.
              </p>
              <p
                className="date"
              >
                2018-03-21
              </p>
            </div>
          </div>
          <div
            className="feed card"
          >
            <div
              className="card-image"
            >
              <img
                alt="Legacy Usability Engineer"
                src="http://lorempixel.com/640/480"
              />
            </div>
            <div
              className="card-content"
            >
              <p
                className="name"
              >
                Legacy Usability Engineer
              </p>
              <p
                className="desc"
              >
                Hic tempora dolore. Odio sequi ut. Eaque nobis est exercitationem et reiciendis saepe quo. Saepe nulla quidem aut dolor architecto vero quas dolores. Culpa atque odit vitae quod.
              </p>
              <p
                className="date"
              >
                2017-11-19
              </p>
            </div>
          </div>
          <div
            className="feed card"
          >
            <div
              className="card-image"
            >
              <img
                alt="National Factors Administrator"
                src="http://lorempixel.com/640/480"
              />
            </div>
            <div
              className="card-content"
            >
              <p
                className="name"
              >
                National Factors Administrator
              </p>
              <p
                className="desc"
              >
                Debitis repellat eius qui consequatur debitis vitae suscipit. Sit eveniet doloribus placeat velit non. Totam quo deserunt laboriosam necessitatibus eum eveniet. Iste et voluptates sapiente dolor accusantium.
              </p>
              <p
                className="date"
              >
                2018-01-13
              </p>
            </div>
          </div>
          <div
            className="feed card"
          >
            <div
              className="card-image"
            >
              <img
                alt="National Metrics Designer"
                src="http://lorempixel.com/640/480"
              />
            </div>
            <div
              className="card-content"
            >
              <p
                className="name"
              >
                National Metrics Designer
              </p>
              <p
                className="desc"
              >
                Dolorem asperiores ex. Debitis quia molestias porro sunt vel maxime. Saepe illum soluta inventore iure doloribus. Molestias illum sed et quibusdam. Voluptatem fuga minus quae repudiandae unde delectus.
              </p>
              <p
                className="date"
              >
                2018-05-10
              </p>
            </div>
          </div>
          <div
            className="feed card"
          >
            <div
              className="card-image"
            >
              <img
                alt="Principal Group Supervisor"
                src="http://lorempixel.com/640/480"
              />
            </div>
            <div
              className="card-content"
            >
              <p
                className="name"
              >
                Principal Group Supervisor
              </p>
              <p
                className="desc"
              >
                Et aliquid laboriosam dolor est facere. Eos repellendus dignissimos. Non pariatur est quibusdam quod praesentium. Veniam quia eius. Quia quae deleniti sequi.
              </p>
              <p
                className="date"
              >
                2017-11-15
              </p>
            </div>
          </div>
          <div
            className="feed card"
          >
            <div
              className="card-image"
            >
              <img
                alt="Principal Operations Architect"
                src="http://lorempixel.com/640/480"
              />
            </div>
            <div
              className="card-content"
            >
              <p
                className="name"
              >
                Principal Operations Architect
              </p>
              <p
                className="desc"
              >
                Mollitia corporis doloribus neque omnis. Laborum est fugit voluptatem libero atque. Facilis reiciendis ex perspiciatis eaque amet in voluptas recusandae. Magni in soluta ut repellat error. Exercitationem quidem molestiae hic omnis qui doloremque nihil sint. Architecto illo aut repellat quia vel officiis occaecati iure.
              </p>
              <p
                className="date"
              >
                2017-10-19
              </p>
            </div>
          </div>
          <div
            className="feed card"
          >
            <div
              className="card-image"
            >
              <img
                alt="Principal Operations Specialist"
                src="http://lorempixel.com/640/480"
              />
            </div>
            <div
              className="card-content"
            >
              <p
                className="name"
              >
                Principal Operations Specialist
              </p>
              <p
                className="desc"
              >
                Dolores debitis nobis inventore a nesciunt voluptatem molestias. Placeat rem placeat dolorem eveniet et beatae praesentium autem excepturi. Repellendus tempore tempora enim repudiandae voluptas officiis voluptatibus maiores accusantium. Et omnis hic quis libero nulla fuga. Occaecati totam voluptas deleniti aliquam recusandae.
              </p>
              <p
                className="date"
              >
                2018-06-29
              </p>
            </div>
          </div>
          <div
            className="feed card"
          >
            <div
              className="card-image"
            >
              <img
                alt="Principal Operations Supervisor"
                src="http://lorempixel.com/640/480"
              />
            </div>
            <div
              className="card-content"
            >
              <p
                className="name"
              >
                Principal Operations Supervisor
              </p>
              <p
                className="desc"
              >
                Nihil hic neque dignissimos totam omnis ut aut. Fugiat voluptatem rem quisquam provident est odit. Necessitatibus veniam architecto quia. Rerum deserunt reiciendis velit voluptatem tempora iusto similique. Atque mollitia pariatur quia voluptatem qui laborum laborum rerum molestias.
              </p>
              <p
                className="date"
              >
                2018-08-06
              </p>
            </div>
          </div>
          <div
            className="feed card"
          >
            <div
              className="card-image"
            >
              <img
                alt="Product Paradigm Assistant"
                src="http://lorempixel.com/640/480"
              />
            </div>
            <div
              className="card-content"
            >
              <p
                className="name"
              >
                Product Paradigm Assistant
              </p>
              <p
                className="desc"
              >
                Tenetur magnam ut nihil libero vitae fuga vero. Est tempora minus. Illo dolor ut debitis a sit blanditiis quas. Accusantium quis pariatur id fugit et. Nemo incidunt quia est aperiam est consequatur.
              </p>
              <p
                className="date"
              >
                2018-06-03
              </p>
            </div>
          </div>
          <div
            className="feed card"
          >
            <div
              className="card-image"
            >
              <img
                alt="Product Usability Planner"
                src="http://lorempixel.com/640/480"
              />
            </div>
            <div
              className="card-content"
            >
              <p
                className="name"
              >
                Product Usability Planner
              </p>
              <p
                className="desc"
              >
                Facere dolorum autem officiis vel. Laudantium alias praesentium inventore. Voluptates repudiandae consequatur tenetur quod quia dolor eius laudantium omnis. Et voluptatibus ipsa placeat a delectus. Deserunt quia libero soluta id quo. Aperiam sit a neque.
              </p>
              <p
                className="date"
              >
                2018-06-18
              </p>
            </div>
          </div>
          <div
            className="feed card"
          >
            <div
              className="card-image"
            >
              <img
                alt="Regional Brand Planner"
                src="http://lorempixel.com/640/480"
              />
            </div>
            <div
              className="card-content"
            >
              <p
                className="name"
              >
                Regional Brand Planner
              </p>
              <p
                className="desc"
              >
                Dolor fugit quam. Non qui nostrum fuga molestiae dolores blanditiis ad quia unde. Numquam ipsa tempora quo nihil illum recusandae omnis inventore. Aperiam suscipit porro incidunt quia saepe.
              </p>
              <p
                className="date"
              >
                2018-04-14
              </p>
            </div>
          </div>
          <div
            className="feed card"
          >
            <div
              className="card-image"
            >
              <img
                alt="Regional Configuration Designer"
                src="http://lorempixel.com/640/480"
              />
            </div>
            <div
              className="card-content"
            >
              <p
                className="name"
              >
                Regional Configuration Designer
              </p>
              <p
                className="desc"
              >
                Rerum voluptatibus deleniti. Et quo ea magnam quisquam aliquam sequi sed praesentium. Similique est maiores. Tempora sed ad dolores error deserunt possimus sed perferendis molestiae. Doloribus fuga velit ipsum voluptatem ut ducimus.
              </p>
              <p
                className="date"
              >
                2018-07-27
              </p>
            </div>
          </div>
          <div
            className="feed card"
          >
            <div
              className="card-image"
            >
              <img
                alt="Regional Creative Manager"
                src="http://lorempixel.com/640/480"
              />
            </div>
            <div
              className="card-content"
            >
              <p
                className="name"
              >
                Regional Creative Manager
              </p>
              <p
                className="desc"
              >
                Sed incidunt et maiores dignissimos ex qui sunt accusantium. Pariatur harum omnis veritatis temporibus accusantium. Est qui assumenda expedita omnis est et fuga laboriosam. Quis id placeat repudiandae rem. Quibusdam fugit soluta unde. Voluptatem neque est omnis non omnis.
              </p>
              <p
                className="date"
              >
                2018-09-04
              </p>
            </div>
          </div>
          <div
            className="feed card"
          >
            <div
              className="card-image"
            >
              <img
                alt="Regional Functionality Analyst"
                src="http://lorempixel.com/640/480"
              />
            </div>
            <div
              className="card-content"
            >
              <p
                className="name"
              >
                Regional Functionality Analyst
              </p>
              <p
                className="desc"
              >
                Sed impedit repellat molestiae debitis. Neque cumque animi aut aspernatur eum dicta unde atque. Est pariatur quidem rem. Placeat qui esse qui minus.
              </p>
              <p
                className="date"
              >
                2017-12-15
              </p>
            </div>
          </div>
          <div
            className="feed card"
          >
            <div
              className="card-image"
            >
              <img
                alt="Regional Intranet Developer"
                src="http://lorempixel.com/640/480"
              />
            </div>
            <div
              className="card-content"
            >
              <p
                className="name"
              >
                Regional Intranet Developer
              </p>
              <p
                className="desc"
              >
                Corrupti voluptates sint esse voluptatem sed hic sint. Esse ad optio. Eius et mollitia rem voluptatum.
              </p>
              <p
                className="date"
              >
                2018-09-21
              </p>
            </div>
          </div>
          <div
            className="feed card"
          >
            <div
              className="card-image"
            >
              <img
                alt="Regional Marketing Developer"
                src="http://lorempixel.com/640/480"
              />
            </div>
            <div
              className="card-content"
            >
              <p
                className="name"
              >
                Regional Marketing Developer
              </p>
              <p
                className="desc"
              >
                Consequatur enim quo. Vitae non autem quas. Omnis accusantium suscipit consequatur eaque ut voluptatibus est. Qui non atque quasi. Ut rerum aut totam temporibus. Beatae aliquam voluptatem dolorum nobis quia omnis deleniti esse voluptas.
              </p>
              <p
                className="date"
              >
                2018-10-05
              </p>
            </div>
          </div>
          <div
            className="feed card"
          >
            <div
              className="card-image"
            >
              <img
                alt="Regional Paradigm Developer"
                src="http://lorempixel.com/640/480"
              />
            </div>
            <div
              className="card-content"
            >
              <p
                className="name"
              >
                Regional Paradigm Developer
              </p>
              <p
                className="desc"
              >
                Nulla veniam rerum nihil et vel cupiditate. Sunt dolorem quaerat assumenda exercitationem tempore. Ut qui eveniet cupiditate quam qui beatae. Cumque et nihil autem vel ut et qui. Qui voluptatem dolores temporibus assumenda vel odit.
              </p>
              <p
                className="date"
              >
                2018-03-27
              </p>
            </div>
          </div>
          <div
            className="feed card"
          >
            <div
              className="card-image"
            >
              <img
                alt="Regional Program Facilitator"
                src="http://lorempixel.com/640/480"
              />
            </div>
            <div
              className="card-content"
            >
              <p
                className="name"
              >
                Regional Program Facilitator
              </p>
              <p
                className="desc"
              >
                Enim totam earum voluptatem nihil aperiam ut. Sit fugiat deserunt earum velit vero voluptatem exercitationem corporis cumque. Architecto optio iure consequuntur unde autem fugiat laudantium et quod. Alias omnis laboriosam excepturi commodi recusandae et. Veritatis eius non illum accusamus.
              </p>
              <p
                className="date"
              >
                2018-02-07
              </p>
            </div>
          </div>
          <div
            className="feed card"
          >
            <div
              className="card-image"
            >
              <img
                alt="Senior Marketing Director"
                src="http://lorempixel.com/640/480"
              />
            </div>
            <div
              className="card-content"
            >
              <p
                className="name"
              >
                Senior Marketing Director
              </p>
              <p
                className="desc"
              >
                Quia fuga et et exercitationem officiis soluta repellendus et ut. Quas nam sint quo magni nihil laboriosam reiciendis voluptatem fugit. Dolores et facilis architecto. Voluptate eum nam exercitationem quis voluptatem rerum laborum.
              </p>
              <p
                className="date"
              >
                2018-02-05
              </p>
            </div>
          </div>
          <div
            className="feed card"
          >
            <div
              className="card-image"
            >
              <img
                alt="Senior Quality Consultant"
                src="http://lorempixel.com/640/480"
              />
            </div>
            <div
              className="card-content"
            >
              <p
                className="name"
              >
                Senior Quality Consultant
              </p>
              <p
                className="desc"
              >
                A et aut repellat minus qui fugiat. Sapiente unde voluptatem vel nihil. Ut perferendis fugiat dolores est enim voluptatem dolorum qui cum.
              </p>
              <p
                className="date"
              >
                2018-09-12
              </p>
            </div>
          </div>
          <div
            className="feed card"
          >
            <div
              className="card-image"
            >
              <img
                alt="Senior Security Agent"
                src="http://lorempixel.com/640/480"
              />
            </div>
            <div
              className="card-content"
            >
              <p
                className="name"
              >
                Senior Security Agent
              </p>
              <p
                className="desc"
              >
                Ratione perferendis id sint maiores. Omnis aut libero facilis ipsa sed rerum saepe quo. Nesciunt eaque iure.
              </p>
              <p
                className="date"
              >
                2017-12-30
              </p>
            </div>
          </div>
          <div
            className="feed card"
          >
            <div
              className="card-image"
            >
              <img
                alt="Senior Tactics Manager"
                src="http://lorempixel.com/640/480"
              />
            </div>
            <div
              className="card-content"
            >
              <p
                className="name"
              >
                Senior Tactics Manager
              </p>
              <p
                className="desc"
              >
                Esse eos et inventore tempore odit rerum illo est non. Sit aut deleniti. Molestiae corrupti nulla. Consequatur repellendus dolores aut qui reiciendis ipsam aperiam sapiente sed.
              </p>
              <p
                className="date"
              >
                2018-05-03
              </p>
            </div>
          </div>
        </div>
      </div>
      <div
        className="table-div"
      >
        <table
          className="table-container"
        >
          <thead>
            <tr>
              <th>
                Name
              </th>
              <th>
                Image
              </th>
              <th>
                Description
              </th>
              <th>
                Date
              </th>
            </tr>
          </thead>
          <tbody>
            <tr>
              <td
                className="table-name"
              >
                Regional Marketing Developer
              </td>
              <td>
                <div
                  className="table-image"
                >
                  <img
                    alt="Regional Marketing Developer"
                    src="http://lorempixel.com/640/480"
                  />
                </div>
              </td>
              <td>
                Consequatur enim quo. Vitae non autem quas. Omnis accusantium suscipit consequatur eaque ut voluptatibus est. Qui non atque quasi. Ut rerum aut totam temporibus. Beatae aliquam voluptatem dolorum nobis quia omnis deleniti esse voluptas.
              </td>
              <td
                className="table-date"
              >
                2018-10-05
              </td>
            </tr>
            <tr>
              <td
                className="table-name"
              >
                District Solutions Orchestrator
              </td>
              <td>
                <div
                  className="table-image"
                >
                  <img
                    alt="District Solutions Orchestrator"
                    src="http://lorempixel.com/640/480"
                  />
                </div>
              </td>
              <td>
                Laboriosam occaecati modi sit voluptatem. Quis harum rerum similique at. Animi porro doloremque expedita occaecati. Et porro eum quia eligendi doloribus aut. Tenetur provident maxime quod illum vitae excepturi. Nemo ipsum non.
              </td>
              <td
                className="table-date"
              >
                2018-10-03
              </td>
            </tr>
            <tr>
              <td
                className="table-name"
              >
                Internal Assurance Manager
              </td>
              <td>
                <div
                  className="table-image"
                >
                  <img
                    alt="Internal Assurance Manager"
                    src="http://lorempixel.com/640/480"
                  />
                </div>
              </td>
              <td>
                Excepturi distinctio tempora numquam praesentium necessitatibus ipsum. Molestiae amet saepe odio vero et laboriosam ipsum. Doloremque distinctio molestiae optio.
              </td>
              <td
                className="table-date"
              >
                2018-09-26
              </td>
            </tr>
            <tr>
              <td
                className="table-name"
              >
                Corporate Response Developer
              </td>
              <td>
                <div
                  className="table-image"
                >
                  <img
                    alt="Corporate Response Developer"
                    src="http://lorempixel.com/640/480"
                  />
                </div>
              </td>
              <td>
                Libero saepe distinctio ut voluptas voluptas nostrum facere. Sit et possimus assumenda ut non dolore. Odit vel quo non ab nemo.
              </td>
              <td
                className="table-date"
              >
                2018-09-25
              </td>
            </tr>
            <tr>
              <td
                className="table-name"
              >
                Regional Intranet Developer
              </td>
              <td>
                <div
                  className="table-image"
                >
                  <img
                    alt="Regional Intranet Developer"
                    src="http://lorempixel.com/640/480"
                  />
                </div>
              </td>
              <td>
                Corrupti voluptates sint esse voluptatem sed hic sint. Esse ad optio. Eius et mollitia rem voluptatum.
              </td>
              <td
                className="table-date"
              >
                2018-09-21
              </td>
            </tr>
          </tbody>
        </table>
      </div>
    </div>
  </section>
</div>
`;
